INA219.c:12:10:Read16	32	static
INA219.c:22:6:Write16	32	static
INA219.c:30:10:INA219_ReadBusVoltage	8	static
INA219.c:38:9:INA219_ReadCurrent_raw	8	static
INA219.c:45:9:INA219_ReadCurrent	8	static
INA219.c:52:10:INA219_ReadShuntVolage	8	static
INA219.c:59:6:INA219_Reset	8	static
INA219.c:65:6:INA219_setCalibration	0	static
INA219.c:70:10:INA219_getConfig	0	static
INA219.c:76:6:INA219_setConfig	0	static
INA219.c:81:6:INA219_setCalibration_32V_2A	8	static
INA219.c:96:6:INA219_setCalibration_32V_1A	8	static
INA219.c:111:6:INA219_setCalibration_15V_5A	8	static
INA219.c:126:6:INA219_setCalibration_16V_400mA	8	static
INA219.c:141:6:INA219_setPowerMode	16	static
INA219.c:168:9:INA219_Init	16	static
