OLED.c:12:6:OLED_ClearBuffer	0	static
OLED.c:20:6:OLED_SendCommand	24	static
OLED.c:26:6:OLED_SendData	24	static
OLED.c:34:9:OLED_Init	8	static
OLED.c:74:6:OLED_Clear	0	static
OLED.c:80:6:OLED_Invert	0	static
OLED.c:86:6:OLED_SetContrast	8	static
OLED.c:152:6:OLED_DrawPixelStatus	12	static
OLED.c:96:6:OLED_DrawBitmap	48	static
OLED.c:136:6:OLED_DrawBuffer	32	static
OLED.c:160:6:OLED_DrawPixel	0	static
OLED.c:113:6:OLED_DrawXBM	56	static
OLED.c:167:6:OLED_DrawVLine	16	static
OLED.c:175:6:OLED_DrawHLine	24	static
OLED.c:183:6:OLED_DrawRectangle	32	static
OLED.c:194:6:OLED_DrawRectangleFill	32	static
OLED.c:267:6:OLED_DrawCircle	56	static
OLED.c:338:6:OLED_DrawLine	48	static
OLED.c:208:6:OLED_DrawTriangle	32	static
OLED.c:215:6:OLED_DrawTriangleFill	56	static
OLED.c:304:6:OLED_DrawCircleFill	48	static
OLED.c:374:9:OLED_GetWidthStr	16	static
OLED.c:387:9:OLED_GetWidthNum	160	static
OLED.c:395:6:OLED_DrawChar	48	static
OLED.c:427:6:OLED_DrawStr	32	static
OLED.c:411:6:OLED_DrawNum	32	static
OLED.c:419:6:OLED_DrawNumf	32	static
OLED.c:447:6:OLED_UpdateScreen	32	static
OLED.c:474:6:OLED_UpdateOnePage	16	static
