OLED.c:12:6:OLED_ClearBuffer	24	static
OLED.c:20:6:OLED_SendCommand	32	static
OLED.c:26:6:OLED_SendData	32	static
OLED.c:34:9:OLED_Init	16	static
OLED.c:74:6:OLED_Clear	16	static
OLED.c:80:6:OLED_Invert	16	static
OLED.c:86:6:OLED_SetContrast	16	static
OLED.c:96:6:OLED_DrawBitmap	24	static
OLED.c:113:6:OLED_DrawXBM	32	static
OLED.c:136:6:OLED_DrawBuffer	24	static
OLED.c:152:6:OLED_DrawPixelStatus	16	static
OLED.c:160:6:OLED_DrawPixel	16	static
OLED.c:167:6:OLED_DrawVLine	24	static
OLED.c:175:6:OLED_DrawHLine	32	static
OLED.c:183:6:OLED_DrawRectangle	32	static
OLED.c:194:6:OLED_DrawRectangleFill	32	static
OLED.c:208:6:OLED_DrawTriangle	24	static
OLED.c:215:6:OLED_DrawTriangleFill	56	static
OLED.c:267:6:OLED_DrawCircle	32	static
OLED.c:304:6:OLED_DrawCircleFill	40	static
OLED.c:338:6:OLED_DrawLine	40	static
OLED.c:374:9:OLED_GetWidthStr	24	static
OLED.c:387:9:OLED_GetWidthNum	168	static
OLED.c:395:6:OLED_DrawChar	32	static
OLED.c:411:6:OLED_DrawNum	40	static
OLED.c:419:6:OLED_DrawNumf	32	static
OLED.c:427:6:OLED_DrawStr	24	static
OLED.c:447:6:OLED_UpdateScreen	32	static
OLED.c:474:6:OLED_UpdateOnePage	24	static
